Assembler report for MYTHRILL_SOC
Thu Oct  8 22:33:02 2026
Quartus Prime Version 25.1std.0 Build 1129 10/21/2025 SC Lite Edition


---------------------
; Table of Contents ;
---------------------
  1. Legal Notice
  2. Assembler Summary
  3. Assembler Settings
  4. Assembler Generated Files
  5. Assembler Device Options: C:/Users/valer/OneDrive/Documents/BRIN STUFF/COMPETITION/DE10-NANO/output_files/MYTHRILL_SOC.sof
  6. Assembler Messages



----------------
; Legal Notice ;
----------------
Copyright (C) 2025  Altera Corporation. All rights reserved.
Your use of Altera Corporation's design tools, logic functions 
and other software and tools, and any partner logic 
functions, and any output files from any of the foregoing 
(including device programming or simulation files), and any 
associated documentation or information are expressly subject 
to the terms and conditions of the Altera Program License 
Subscription Agreement, the Altera Quartus Prime License Agreement,
the Altera IP License Agreement, or other applicable license
agreement, including, without limitation, that your use is for
the sole purpose of programming logic devices manufactured by
Altera and sold by Altera or its authorized distributors.  Please
refer to the Altera Software License Subscription Agreements 
on the Quartus Prime software download page.



+---------------------------------------------------------------+
; Assembler Summary                                             ;
+-----------------------+---------------------------------------+
; Assembler Status      ; Successful - Thu Oct  8 22:33:02 2026 ;
; Revision Name         ; MYTHRILL_SOC                          ;
; Top-level Entity Name ; MYTHRILL_SOC                          ;
; Family                ; Cyclone V                             ;
; Device                ; 5CSEBA6U23C7                          ;
+-----------------------+---------------------------------------+


+----------------------------------+
; Assembler Settings               ;
+--------+---------+---------------+
; Option ; Setting ; Default Value ;
+--------+---------+---------------+


+--------------------------------------------------------------------------------------------------+
; Assembler Generated Files                                                                        ;
+--------------------------------------------------------------------------------------------------+
; File Name                                                                                        ;
+--------------------------------------------------------------------------------------------------+
; C:/Users/valer/OneDrive/Documents/BRIN STUFF/COMPETITION/DE10-NANO/output_files/MYTHRILL_SOC.sof ;
+--------------------------------------------------------------------------------------------------+


+----------------------------------------------------------------------------------------------------------------------------+
; Assembler Device Options: C:/Users/valer/OneDrive/Documents/BRIN STUFF/COMPETITION/DE10-NANO/output_files/MYTHRILL_SOC.sof ;
+----------------+-----------------------------------------------------------------------------------------------------------+
; Option         ; Setting                                                                                                   ;
+----------------+-----------------------------------------------------------------------------------------------------------+
; JTAG usercode  ; 0x03E29F46                                                                                                ;
; Checksum       ; 0x03E29F46                                                                                                ;
+----------------+-----------------------------------------------------------------------------------------------------------+


+--------------------+
; Assembler Messages ;
+--------------------+
Info: *******************************************************************
Info: Running Quartus Prime Assembler
    Info: Version 25.1std.0 Build 1129 10/21/2025 SC Lite Edition
    Info: Processing started: Thu Oct  8 22:32:32 2026
Info: Command: quartus_asm --read_settings_files=off --write_settings_files=off MYTHRILL_SOC -c MYTHRILL_SOC
Info (115030): Assembler is generating device programming files
Info: Quartus Prime Assembler was successful. 0 errors, 0 warnings
    Info: Peak virtual memory: 5579 megabytes
    Info: Processing ended: Thu Oct  8 22:33:02 2026
    Info: Elapsed time: 00:00:30
    Info: Total CPU time (on all processors): 00:00:26


