Reading netlist file: "C:\Users\valer\OneDrive\Documents\BRIN STUFF\COMPETITION\TANG NANO 20k\MYTHRILL_SOC\impl\gwsynthesis\MYTHRILL_SOC.vg"
Parsing netlist file "C:\Users\valer\OneDrive\Documents\BRIN STUFF\COMPETITION\TANG NANO 20k\MYTHRILL_SOC\impl\gwsynthesis\MYTHRILL_SOC.vg" completed
Processing netlist completed
Reading constraint file: "C:\Users\valer\OneDrive\Documents\BRIN STUFF\COMPETITION\TANG NANO 20k\MYTHRILL_SOC\src\MYTHRILL_SOC.cst"
Physical Constraint parsed completed
Running placement......
[10%] Placement Phase 0 completed
[20%] Placement Phase 1 completed
[30%] Placement Phase 2 completed
[50%] Placement Phase 3 completed
Running routing......
[60%] Routing Phase 0 completed
[70%] Routing Phase 1 completed
[80%] Routing Phase 2 completed
WARN  (PR1014) : Generic routing resource will be used to clock signal 'clk_d' by the specified constraint. And then it may lead to the excessive delay or skew
[90%] Routing Phase 3 completed
Running timing analysis......
[95%] Timing analysis completed
Placement and routing completed
Bitstream generation in progress......
Bitstream generation completed
Running power analysis......
[100%] Power analysis completed
Generate file "C:\Users\valer\OneDrive\Documents\BRIN STUFF\COMPETITION\TANG NANO 20k\MYTHRILL_SOC\impl\pnr\MYTHRILL_SOC.power.html" completed
Generate file "C:\Users\valer\OneDrive\Documents\BRIN STUFF\COMPETITION\TANG NANO 20k\MYTHRILL_SOC\impl\pnr\MYTHRILL_SOC.pin.html" completed
Generate file "C:\Users\valer\OneDrive\Documents\BRIN STUFF\COMPETITION\TANG NANO 20k\MYTHRILL_SOC\impl\pnr\MYTHRILL_SOC.rpt.html" completed
Generate file "C:\Users\valer\OneDrive\Documents\BRIN STUFF\COMPETITION\TANG NANO 20k\MYTHRILL_SOC\impl\pnr\MYTHRILL_SOC.rpt.txt" completed
Generate file "C:\Users\valer\OneDrive\Documents\BRIN STUFF\COMPETITION\TANG NANO 20k\MYTHRILL_SOC\impl\pnr\MYTHRILL_SOC.tr.html" completed
Thu Oct  8 22:28:38 2026

